{
  "type": "https://tools.ietf.org/html/rfc2616#section-10",
  "title": "An error occurred",
  "status": 403,
  "detail": "Forbidden"
}
